Archive member included to satisfy reference by file (symbol)

c:/st/stm32cubeide_1.4.0/stm32cubeide/plugins/com.st.stm32cube.ide.mcu.externaltools.gnu-tools-for-stm32.7-2018-q2-update.win32_1.4.0.202007081208/tools/bin/../lib/gcc/arm-none-eabi/7.3.1/../../../../arm-none-eabi/lib/thumb/v7-m\libc_nano.a(lib_a-errno.o)
                              Core/Src/syscalls.o (__errno)
c:/st/stm32cubeide_1.4.0/stm32cubeide/plugins/com.st.stm32cube.ide.mcu.externaltools.gnu-tools-for-stm32.7-2018-q2-update.win32_1.4.0.202007081208/tools/bin/../lib/gcc/arm-none-eabi/7.3.1/../../../../arm-none-eabi/lib/thumb/v7-m\libc_nano.a(lib_a-exit.o)
                              c:/st/stm32cubeide_1.4.0/stm32cubeide/plugins/com.st.stm32cube.ide.mcu.externaltools.gnu-tools-for-stm32.7-2018-q2-update.win32_1.4.0.202007081208/tools/bin/../lib/gcc/arm-none-eabi/7.3.1/../../../../arm-none-eabi/lib/thumb/v7-m/crt0.o (exit)
c:/st/stm32cubeide_1.4.0/stm32cubeide/plugins/com.st.stm32cube.ide.mcu.externaltools.gnu-tools-for-stm32.7-2018-q2-update.win32_1.4.0.202007081208/tools/bin/../lib/gcc/arm-none-eabi/7.3.1/../../../../arm-none-eabi/lib/thumb/v7-m\libc_nano.a(lib_a-impure.o)
                              c:/st/stm32cubeide_1.4.0/stm32cubeide/plugins/com.st.stm32cube.ide.mcu.externaltools.gnu-tools-for-stm32.7-2018-q2-update.win32_1.4.0.202007081208/tools/bin/../lib/gcc/arm-none-eabi/7.3.1/../../../../arm-none-eabi/lib/thumb/v7-m\libc_nano.a(lib_a-exit.o) (_global_impure_ptr)
c:/st/stm32cubeide_1.4.0/stm32cubeide/plugins/com.st.stm32cube.ide.mcu.externaltools.gnu-tools-for-stm32.7-2018-q2-update.win32_1.4.0.202007081208/tools/bin/../lib/gcc/arm-none-eabi/7.3.1/../../../../arm-none-eabi/lib/thumb/v7-m\libc_nano.a(lib_a-init.o)
                              c:/st/stm32cubeide_1.4.0/stm32cubeide/plugins/com.st.stm32cube.ide.mcu.externaltools.gnu-tools-for-stm32.7-2018-q2-update.win32_1.4.0.202007081208/tools/bin/../lib/gcc/arm-none-eabi/7.3.1/../../../../arm-none-eabi/lib/thumb/v7-m/crt0.o (__libc_init_array)
c:/st/stm32cubeide_1.4.0/stm32cubeide/plugins/com.st.stm32cube.ide.mcu.externaltools.gnu-tools-for-stm32.7-2018-q2-update.win32_1.4.0.202007081208/tools/bin/../lib/gcc/arm-none-eabi/7.3.1/../../../../arm-none-eabi/lib/thumb/v7-m\libc_nano.a(lib_a-memset.o)
                              c:/st/stm32cubeide_1.4.0/stm32cubeide/plugins/com.st.stm32cube.ide.mcu.externaltools.gnu-tools-for-stm32.7-2018-q2-update.win32_1.4.0.202007081208/tools/bin/../lib/gcc/arm-none-eabi/7.3.1/../../../../arm-none-eabi/lib/thumb/v7-m/crt0.o (memset)
c:/st/stm32cubeide_1.4.0/stm32cubeide/plugins/com.st.stm32cube.ide.mcu.externaltools.gnu-tools-for-stm32.7-2018-q2-update.win32_1.4.0.202007081208/tools/bin/../lib/gcc/arm-none-eabi/7.3.1/thumb/v7-m\libgcc.a(_aeabi_uldivmod.o)
                              Drivers/STM32F2xx_HAL_Driver/Src/stm32f2xx_hal_rcc.o (__aeabi_uldivmod)
c:/st/stm32cubeide_1.4.0/stm32cubeide/plugins/com.st.stm32cube.ide.mcu.externaltools.gnu-tools-for-stm32.7-2018-q2-update.win32_1.4.0.202007081208/tools/bin/../lib/gcc/arm-none-eabi/7.3.1/thumb/v7-m\libgcc.a(_udivmoddi4.o)
                              c:/st/stm32cubeide_1.4.0/stm32cubeide/plugins/com.st.stm32cube.ide.mcu.externaltools.gnu-tools-for-stm32.7-2018-q2-update.win32_1.4.0.202007081208/tools/bin/../lib/gcc/arm-none-eabi/7.3.1/thumb/v7-m\libgcc.a(_aeabi_uldivmod.o) (__udivmoddi4)
c:/st/stm32cubeide_1.4.0/stm32cubeide/plugins/com.st.stm32cube.ide.mcu.externaltools.gnu-tools-for-stm32.7-2018-q2-update.win32_1.4.0.202007081208/tools/bin/../lib/gcc/arm-none-eabi/7.3.1/thumb/v7-m\libgcc.a(_dvmd_tls.o)
                              c:/st/stm32cubeide_1.4.0/stm32cubeide/plugins/com.st.stm32cube.ide.mcu.externaltools.gnu-tools-for-stm32.7-2018-q2-update.win32_1.4.0.202007081208/tools/bin/../lib/gcc/arm-none-eabi/7.3.1/thumb/v7-m\libgcc.a(_aeabi_uldivmod.o) (__aeabi_ldiv0)

Allocating common symbols
Common symbol       size              file

uwTick              0x4               Drivers/STM32F2xx_HAL_Driver/Src/stm32f2xx_hal.o
pFlash              0x20              Drivers/STM32F2xx_HAL_Driver/Src/stm32f2xx_hal_flash.o
htim3               0x48              Core/Src/tim.o
hadc1               0x48              Core/Src/adc.o
hdma_adc1           0x60              Core/Src/adc.o
htim1               0x48              Core/Src/tim.o
ADC_Data            0x10              Core/Src/main.o

Discarded input sections

 .text          0x0000000000000000        0x0 c:/st/stm32cubeide_1.4.0/stm32cubeide/plugins/com.st.stm32cube.ide.mcu.externaltools.gnu-tools-for-stm32.7-2018-q2-update.win32_1.4.0.202007081208/tools/bin/../lib/gcc/arm-none-eabi/7.3.1/thumb/v7-m/crti.o
 .data          0x0000000000000000        0x0 c:/st/stm32cubeide_1.4.0/stm32cubeide/plugins/com.st.stm32cube.ide.mcu.externaltools.gnu-tools-for-stm32.7-2018-q2-update.win32_1.4.0.202007081208/tools/bin/../lib/gcc/arm-none-eabi/7.3.1/thumb/v7-m/crti.o
[...]
Memory Configuration

Name             Origin             Length             Attributes
RAM              0x0000000020000000 0x0000000000010000 xrw
FLASH            0x0000000008000000 0x0000000000020000 xr
*default*        0x0000000000000000 0xffffffffffffffff

Linker script and memory map

LOAD c:/st/stm32cubeide_1.4.0/stm32cubeide/plugins/com.st.stm32cube.ide.mcu.externaltools.gnu-tools-for-stm32.7-2018-q2-update.win32_1.4.0.202007081208/tools/bin/../lib/gcc/arm-none-eabi/7.3.1/thumb/v7-m/crti.o
LOAD c:/st/stm32cubeide_1.4.0/stm32cubeide/plugins/com.st.stm32cube.ide.mcu.externaltools.gnu-tools-for-stm32.7-2018-q2-update.win32_1.4.0.202007081208/tools/bin/../lib/gcc/arm-none-eabi/7.3.1/thumb/v7-m/crtbegin.o
LOAD c:/st/stm32cubeide_1.4.0/stm32cubeide/plugins/com.st.stm32cube.ide.mcu.externaltools.gnu-tools-for-stm32.7-2018-q2-update.win32_1.4.0.202007081208/tools/bin/../lib/gcc/arm-none-eabi/7.3.1/../../../../arm-none-eabi/lib/thumb/v7-m/crt0.o
LOAD Core/Src/adc.o
LOAD Core/Src/dma.o
LOAD Core/Src/gpio.o
LOAD Core/Src/main.o
LOAD Core/Src/stm32f2xx_hal_msp.o
LOAD Core/Src/stm32f2xx_it.o
LOAD Core/Src/syscalls.o
LOAD Core/Src/sysmem.o
LOAD Core/Src/system_stm32f2xx.o
LOAD Core/Src/tim.o
LOAD Core/Startup/startup_stm32f205rbtx.o
LOAD Drivers/STM32F2xx_HAL_Driver/Src/stm32f2xx_hal.o
LOAD Drivers/STM32F2xx_HAL_Driver/Src/stm32f2xx_hal_adc.o
LOAD Drivers/STM32F2xx_HAL_Driver/Src/stm32f2xx_hal_adc_ex.o
LOAD Drivers/STM32F2xx_HAL_Driver/Src/stm32f2xx_hal_cortex.o
LOAD Drivers/STM32F2xx_HAL_Driver/Src/stm32f2xx_hal_dma.o
LOAD Drivers/STM32F2xx_HAL_Driver/Src/stm32f2xx_hal_dma_ex.o
LOAD Drivers/STM32F2xx_HAL_Driver/Src/stm32f2xx_hal_exti.o
LOAD Drivers/STM32F2xx_HAL_Driver/Src/stm32f2xx_hal_flash.o
LOAD Drivers/STM32F2xx_HAL_Driver/Src/stm32f2xx_hal_flash_ex.o
LOAD Drivers/STM32F2xx_HAL_Driver/Src/stm32f2xx_hal_gpio.o
LOAD Drivers/STM32F2xx_HAL_Driver/Src/stm32f2xx_hal_pwr.o
LOAD Drivers/STM32F2xx_HAL_Driver/Src/stm32f2xx_hal_pwr_ex.o
LOAD Drivers/STM32F2xx_HAL_Driver/Src/stm32f2xx_hal_rcc.o
LOAD Drivers/STM32F2xx_HAL_Driver/Src/stm32f2xx_hal_rcc_ex.o
LOAD Drivers/STM32F2xx_HAL_Driver/Src/stm32f2xx_hal_tim.o
LOAD Drivers/STM32F2xx_HAL_Driver/Src/stm32f2xx_hal_tim_ex.o
START GROUP
LOAD c:/st/stm32cubeide_1.4.0/stm32cubeide/plugins/com.st.stm32cube.ide.mcu.externaltools.gnu-tools-for-stm32.7-2018-q2-update.win32_1.4.0.202007081208/tools/bin/../lib/gcc/arm-none-eabi/7.3.1/../../../../arm-none-eabi/lib/thumb/v7-m\libc_nano.a
LOAD c:/st/stm32cubeide_1.4.0/stm32cubeide/plugins/com.st.stm32cube.ide.mcu.externaltools.gnu-tools-for-stm32.7-2018-q2-update.win32_1.4.0.202007081208/tools/bin/../lib/gcc/arm-none-eabi/7.3.1/../../../../arm-none-eabi/lib/thumb/v7-m\libm.a
END GROUP
START GROUP
LOAD c:/st/stm32cubeide_1.4.0/stm32cubeide/plugins/com.st.stm32cube.ide.mcu.externaltools.gnu-tools-for-stm32.7-2018-q2-update.win32_1.4.0.202007081208/tools/bin/../lib/gcc/arm-none-eabi/7.3.1/thumb/v7-m\libgcc.a
LOAD c:/st/stm32cubeide_1.4.0/stm32cubeide/plugins/com.st.stm32cube.ide.mcu.externaltools.gnu-tools-for-stm32.7-2018-q2-update.win32_1.4.0.202007081208/tools/bin/../lib/gcc/arm-none-eabi/7.3.1/../../../../arm-none-eabi/lib/thumb/v7-m\libc_nano.a
END GROUP
START GROUP
LOAD c:/st/stm32cubeide_1.4.0/stm32cubeide/plugins/com.st.stm32cube.ide.mcu.externaltools.gnu-tools-for-stm32.7-2018-q2-update.win32_1.4.0.202007081208/tools/bin/../lib/gcc/arm-none-eabi/7.3.1/thumb/v7-m\libgcc.a
LOAD c:/st/stm32cubeide_1.4.0/stm32cubeide/plugins/com.st.stm32cube.ide.mcu.externaltools.gnu-tools-for-stm32.7-2018-q2-update.win32_1.4.0.202007081208/tools/bin/../lib/gcc/arm-none-eabi/7.3.1/../../../../arm-none-eabi/lib/thumb/v7-m\libc_nano.a
LOAD c:/st/stm32cubeide_1.4.0/stm32cubeide/plugins/com.st.stm32cube.ide.mcu.externaltools.gnu-tools-for-stm32.7-2018-q2-update.win32_1.4.0.202007081208/tools/bin/../lib/gcc/arm-none-eabi/7.3.1/../../../../arm-none-eabi/lib/thumb/v7-m\libnosys.a
END GROUP
START GROUP
LOAD c:/st/stm32cubeide_1.4.0/stm32cubeide/plugins/com.st.stm32cube.ide.mcu.externaltools.gnu-tools-for-stm32.7-2018-q2-update.win32_1.4.0.202007081208/tools/bin/../lib/gcc/arm-none-eabi/7.3.1/thumb/v7-m\libgcc.a
LOAD c:/st/stm32cubeide_1.4.0/stm32cubeide/plugins/com.st.stm32cube.ide.mcu.externaltools.gnu-tools-for-stm32.7-2018-q2-update.win32_1.4.0.202007081208/tools/bin/../lib/gcc/arm-none-eabi/7.3.1/../../../../arm-none-eabi/lib/thumb/v7-m\libc_nano.a
LOAD c:/st/stm32cubeide_1.4.0/stm32cubeide/plugins/com.st.stm32cube.ide.mcu.externaltools.gnu-tools-for-stm32.7-2018-q2-update.win32_1.4.0.202007081208/tools/bin/../lib/gcc/arm-none-eabi/7.3.1/../../../../arm-none-eabi/lib/thumb/v7-m\libnosys.a
END GROUP
LOAD c:/st/stm32cubeide_1.4.0/stm32cubeide/plugins/com.st.stm32cube.ide.mcu.externaltools.gnu-tools-for-stm32.7-2018-q2-update.win32_1.4.0.202007081208/tools/bin/../lib/gcc/arm-none-eabi/7.3.1/thumb/v7-m/crtend.o
LOAD c:/st/stm32cubeide_1.4.0/stm32cubeide/plugins/com.st.stm32cube.ide.mcu.externaltools.gnu-tools-for-stm32.7-2018-q2-update.win32_1.4.0.202007081208/tools/bin/../lib/gcc/arm-none-eabi/7.3.1/thumb/v7-m/crtn.o
                0x0000000020010000                _estack = (ORIGIN (RAM) + LENGTH (RAM))
                0x0000000000000200                _Min_Heap_Size = 0x200
                0x0000000000000400                _Min_Stack_Size = 0x400

.isr_vector     0x0000000008000000      0x184
                0x0000000008000000                . = ALIGN (0x4)
 *(.isr_vector)
 .isr_vector    0x0000000008000000      0x184 Core/Startup/startup_stm32f205rbtx.o
                0x0000000008000000                g_pfnVectors
                0x0000000008000184                . = ALIGN (0x4)

.text           0x0000000008000184     0x36f8
                0x0000000008000184                . = ALIGN (0x4)
 *(.text)
 .text          0x0000000008000184       0x40 c:/st/stm32cubeide_1.4.0/stm32cubeide/plugins/com.st.stm32cube.ide.mcu.externaltools.gnu-tools-for-stm32.7-2018-q2-update.win32_1.4.0.202007081208/tools/bin/../lib/gcc/arm-none-eabi/7.3.1/thumb/v7-m/crtbegin.o
 .text          0x00000000080001c4       0x30 c:/st/stm32cubeide_1.4.0/stm32cubeide/plugins/com.st.stm32cube.ide.mcu.externaltools.gnu-tools-for-stm32.7-2018-q2-update.win32_1.4.0.202007081208/tools/bin/../lib/gcc/arm-none-eabi/7.3.1/thumb/v7-m\libgcc.a(_aeabi_uldivmod.o)
                0x00000000080001c4                __aeabi_uldivmod
 .text          0x00000000080001f4      0x2d0 c:/st/stm32cubeide_1.4.0/stm32cubeide/plugins/com.st.stm32cube.ide.mcu.externaltools.gnu-tools-for-stm32.7-2018-q2-update.win32_1.4.0.202007081208/tools/bin/../lib/gcc/arm-none-eabi/7.3.1/thumb/v7-m\libgcc.a(_udivmoddi4.o)
                0x00000000080001f4                __udivmoddi4
 .text          0x00000000080004c4        0x4 c:/st/stm32cubeide_1.4.0/stm32cubeide/plugins/com.st.stm32cube.ide.mcu.externaltools.gnu-tools-for-stm32.7-2018-q2-update.win32_1.4.0.202007081208/tools/bin/../lib/gcc/arm-none-eabi/7.3.1/thumb/v7-m\libgcc.a(_dvmd_tls.o)
                0x00000000080004c4                __aeabi_idiv0
                0x00000000080004c4                __aeabi_ldiv0
 *(.text*)
 .text.MX_ADC1_Init
                0x00000000080004c8       0xf8 Core/Src/adc.o
                0x00000000080004c8                MX_ADC1_Init
 .text.HAL_ADC_MspInit
                0x00000000080005c0       0xf0 Core/Src/adc.o
                0x00000000080005c0                HAL_ADC_MspInit
 .text.MX_DMA_Init
                0x00000000080006b0       0x40 Core/Src/dma.o
                0x00000000080006b0                MX_DMA_Init
 .text.MX_GPIO_Init
                0x00000000080006f0       0x68 Core/Src/gpio.o
                0x00000000080006f0                MX_GPIO_Init
 .text.main     0x0000000008000758       0xa0 Core/Src/main.o
                0x0000000008000758                main
 .text.SystemClock_Config
                0x00000000080007f8       0x8e Core/Src/main.o
                0x00000000080007f8                SystemClock_Config
 .text.Error_Handler
                0x0000000008000886        0xc Core/Src/main.o
                0x0000000008000886                Error_Handler
 *fill*         0x0000000008000892        0x2 
 .text.HAL_MspInit
                0x0000000008000894       0x4c Core/Src/stm32f2xx_hal_msp.o
                0x0000000008000894                HAL_MspInit
 .text.NMI_Handler
                0x00000000080008e0        0xc Core/Src/stm32f2xx_it.o
                0x00000000080008e0                NMI_Handler
 .text.HardFault_Handler
                0x00000000080008ec        0x6 Core/Src/stm32f2xx_it.o
                0x00000000080008ec                HardFault_Handler
 .text.MemManage_Handler
                0x00000000080008f2        0x6 Core/Src/stm32f2xx_it.o
                0x00000000080008f2                MemManage_Handler
 .text.BusFault_Handler
                0x00000000080008f8        0x6 Core/Src/stm32f2xx_it.o
                0x00000000080008f8                BusFault_Handler
 .text.UsageFault_Handler
                0x00000000080008fe        0x6 Core/Src/stm32f2xx_it.o
                0x00000000080008fe                UsageFault_Handler
 .text.SVC_Handler
                0x0000000008000904        0xc Core/Src/stm32f2xx_it.o
                0x0000000008000904                SVC_Handler
 .text.DebugMon_Handler
                0x0000000008000910        0xc Core/Src/stm32f2xx_it.o
                0x0000000008000910                DebugMon_Handler
 .text.PendSV_Handler
                0x000000000800091c        0xc Core/Src/stm32f2xx_it.o
                0x000000000800091c                PendSV_Handler
 .text.SysTick_Handler
                0x0000000008000928        0xc Core/Src/stm32f2xx_it.o
                0x0000000008000928                SysTick_Handler
 .text.DMA2_Stream0_IRQHandler
                0x0000000008000934       0x14 Core/Src/stm32f2xx_it.o
                0x0000000008000934                DMA2_Stream0_IRQHandler
 .text.SystemInit
                0x0000000008000948        0xc Core/Src/system_stm32f2xx.o
                0x0000000008000948                SystemInit
 .text.MX_TIM1_Init
                0x0000000008000954      0x198 Core/Src/tim.o
                0x0000000008000954                MX_TIM1_Init
 .text.MX_TIM3_Init
                0x0000000008000aec      0x13c Core/Src/tim.o
                0x0000000008000aec                MX_TIM3_Init
 .text.HAL_TIM_Base_MspInit
                0x0000000008000c28       0x6c Core/Src/tim.o
                0x0000000008000c28                HAL_TIM_Base_MspInit
 .text.HAL_TIM_MspPostInit
                0x0000000008000c94      0x104 Core/Src/tim.o
                0x0000000008000c94                HAL_TIM_MspPostInit
 .text.Reset_Handler
                0x0000000008000d98       0x50 Core/Startup/startup_stm32f205rbtx.o
                0x0000000008000d98                Reset_Handler
 .text.Default_Handler
                0x0000000008000de8        0x2 Core/Startup/startup_stm32f205rbtx.o
                0x0000000008000de8                RTC_Alarm_IRQHandler
                0x0000000008000de8                HASH_RNG_IRQHandler
                0x0000000008000de8                EXTI2_IRQHandler
                0x0000000008000de8                TIM8_CC_IRQHandler
                0x0000000008000de8                TIM1_CC_IRQHandler
                0x0000000008000de8                DMA2_Stream5_IRQHandler
                0x0000000008000de8                DMA1_Stream5_IRQHandler
                0x0000000008000de8                PVD_IRQHandler
                0x0000000008000de8                SDIO_IRQHandler
                0x0000000008000de8                TAMP_STAMP_IRQHandler
                0x0000000008000de8                CAN2_RX1_IRQHandler
                0x0000000008000de8                EXTI3_IRQHandler
                0x0000000008000de8                TIM8_TRG_COM_TIM14_IRQHandler
                0x0000000008000de8                TIM1_UP_TIM10_IRQHandler
                0x0000000008000de8                TIM8_UP_TIM13_IRQHandler
                0x0000000008000de8                I2C3_ER_IRQHandler
                0x0000000008000de8                EXTI0_IRQHandler
                0x0000000008000de8                I2C2_EV_IRQHandler
                0x0000000008000de8                DMA1_Stream2_IRQHandler
                0x0000000008000de8                CAN1_RX0_IRQHandler
                0x0000000008000de8                OTG_HS_WKUP_IRQHandler
                0x0000000008000de8                CAN2_SCE_IRQHandler
                0x0000000008000de8                DMA2_Stream2_IRQHandler
                0x0000000008000de8                SPI1_IRQHandler
                0x0000000008000de8                TIM6_DAC_IRQHandler
                0x0000000008000de8                TIM1_BRK_TIM9_IRQHandler
                0x0000000008000de8                CAN2_RX0_IRQHandler
                0x0000000008000de8                DMA2_Stream3_IRQHandler
                0x0000000008000de8                USART6_IRQHandler
                0x0000000008000de8                USART3_IRQHandler
                0x0000000008000de8                CAN1_RX1_IRQHandler
                0x0000000008000de8                UART5_IRQHandler
                0x0000000008000de8                TIM4_IRQHandler
                0x0000000008000de8                I2C1_EV_IRQHandler
                0x0000000008000de8                DMA1_Stream6_IRQHandler
                0x0000000008000de8                DMA1_Stream1_IRQHandler
                0x0000000008000de8                UART4_IRQHandler
                0x0000000008000de8                TIM3_IRQHandler
                0x0000000008000de8                RCC_IRQHandler
                0x0000000008000de8                TIM8_BRK_TIM12_IRQHandler
                0x0000000008000de8                Default_Handler
                0x0000000008000de8                EXTI15_10_IRQHandler
                0x0000000008000de8                ADC_IRQHandler
                0x0000000008000de8                DMA1_Stream7_IRQHandler
                0x0000000008000de8                TIM7_IRQHandler
                0x0000000008000de8                CAN2_TX_IRQHandler
                0x0000000008000de8                TIM5_IRQHandler
                0x0000000008000de8                DMA2_Stream7_IRQHandler
                0x0000000008000de8                I2C3_EV_IRQHandler
                0x0000000008000de8                EXTI9_5_IRQHandler
                0x0000000008000de8                RTC_WKUP_IRQHandler
                0x0000000008000de8                SPI2_IRQHandler
                0x0000000008000de8                OTG_HS_EP1_IN_IRQHandler
                0x0000000008000de8                DMA1_Stream0_IRQHandler
                0x0000000008000de8                CAN1_TX_IRQHandler
                0x0000000008000de8                EXTI4_IRQHandler
                0x0000000008000de8                FSMC_IRQHandler
                0x0000000008000de8                OTG_HS_EP1_OUT_IRQHandler
                0x0000000008000de8                WWDG_IRQHandler
                0x0000000008000de8                TIM2_IRQHandler
                0x0000000008000de8                OTG_FS_WKUP_IRQHandler
                0x0000000008000de8                TIM1_TRG_COM_TIM11_IRQHandler
                0x0000000008000de8                OTG_HS_IRQHandler
                0x0000000008000de8                EXTI1_IRQHandler
                0x0000000008000de8                USART2_IRQHandler
                0x0000000008000de8                I2C2_ER_IRQHandler
                0x0000000008000de8                DMA2_Stream1_IRQHandler
                0x0000000008000de8                CAN1_SCE_IRQHandler
                0x0000000008000de8                FLASH_IRQHandler
                0x0000000008000de8                DMA2_Stream4_IRQHandler
                0x0000000008000de8                USART1_IRQHandler
                0x0000000008000de8                OTG_FS_IRQHandler
                0x0000000008000de8                SPI3_IRQHandler
                0x0000000008000de8                DMA1_Stream4_IRQHandler
                0x0000000008000de8                I2C1_ER_IRQHandler
                0x0000000008000de8                DMA2_Stream6_IRQHandler
                0x0000000008000de8                DMA1_Stream3_IRQHandler
 *fill*         0x0000000008000dea        0x2 
 .text.HAL_Init
                0x0000000008000dec       0x44 Drivers/STM32F2xx_HAL_Driver/Src/stm32f2xx_hal.o
                0x0000000008000dec                HAL_Init
 .text.HAL_InitTick
                0x0000000008000e30       0x60 Drivers/STM32F2xx_HAL_Driver/Src/stm32f2xx_hal.o
                0x0000000008000e30                HAL_InitTick
 .text.HAL_IncTick
                0x0000000008000e90       0x24 Drivers/STM32F2xx_HAL_Driver/Src/stm32f2xx_hal.o
                0x0000000008000e90                HAL_IncTick
 .text.HAL_GetTick
                0x0000000008000eb4       0x14 Drivers/STM32F2xx_HAL_Driver/Src/stm32f2xx_hal.o
                0x0000000008000eb4                HAL_GetTick
 .text.HAL_ADC_Init
                0x0000000008000ec8       0x86 Drivers/STM32F2xx_HAL_Driver/Src/stm32f2xx_hal_adc.o
                0x0000000008000ec8                HAL_ADC_Init
 *fill*         0x0000000008000f4e        0x2 
 .text.HAL_ADC_Start_DMA
                0x0000000008000f50      0x1bc Drivers/STM32F2xx_HAL_Driver/Src/stm32f2xx_hal_adc.o
                0x0000000008000f50                HAL_ADC_Start_DMA
 .text.HAL_ADC_ConvCpltCallback
                0x000000000800110c       0x12 Drivers/STM32F2xx_HAL_Driver/Src/stm32f2xx_hal_adc.o
                0x000000000800110c                HAL_ADC_ConvCpltCallback
 .text.HAL_ADC_ConvHalfCpltCallback
                0x000000000800111e       0x12 Drivers/STM32F2xx_HAL_Driver/Src/stm32f2xx_hal_adc.o
                0x000000000800111e                HAL_ADC_ConvHalfCpltCallback
 .text.HAL_ADC_ErrorCallback
                0x0000000008001130       0x12 Drivers/STM32F2xx_HAL_Driver/Src/stm32f2xx_hal_adc.o
                0x0000000008001130                HAL_ADC_ErrorCallback
 *fill*         0x0000000008001142        0x2 
 .text.HAL_ADC_ConfigChannel
                0x0000000008001144      0x240 Drivers/STM32F2xx_HAL_Driver/Src/stm32f2xx_hal_adc.o
                0x0000000008001144                HAL_ADC_ConfigChannel
 .text.ADC_Init
                0x0000000008001384      0x20c Drivers/STM32F2xx_HAL_Driver/Src/stm32f2xx_hal_adc.o
 .text.ADC_DMAConvCplt
                0x0000000008001590       0xba Drivers/STM32F2xx_HAL_Driver/Src/stm32f2xx_hal_adc.o
 .text.ADC_DMAHalfConvCplt
                0x000000000800164a       0x1c Drivers/STM32F2xx_HAL_Driver/Src/stm32f2xx_hal_adc.o
 .text.ADC_DMAError
                0x0000000008001666       0x2e Drivers/STM32F2xx_HAL_Driver/Src/stm32f2xx_hal_adc.o
 .text.__NVIC_SetPriorityGrouping
                0x0000000008001694       0x48 Drivers/STM32F2xx_HAL_Driver/Src/stm32f2xx_hal_cortex.o
 .text.__NVIC_GetPriorityGrouping
                0x00000000080016dc       0x1c Drivers/STM32F2xx_HAL_Driver/Src/stm32f2xx_hal_cortex.o
 .text.__NVIC_EnableIRQ
                0x00000000080016f8       0x38 Drivers/STM32F2xx_HAL_Driver/Src/stm32f2xx_hal_cortex.o
 .text.__NVIC_SetPriority
                0x0000000008001730       0x54 Drivers/STM32F2xx_HAL_Driver/Src/stm32f2xx_hal_cortex.o
 .text.NVIC_EncodePriority
                0x0000000008001784       0x64 Drivers/STM32F2xx_HAL_Driver/Src/stm32f2xx_hal_cortex.o
 .text.SysTick_Config
                0x00000000080017e8       0x44 Drivers/STM32F2xx_HAL_Driver/Src/stm32f2xx_hal_cortex.o
 .text.HAL_NVIC_SetPriorityGrouping
                0x000000000800182c       0x16 Drivers/STM32F2xx_HAL_Driver/Src/stm32f2xx_hal_cortex.o
                0x000000000800182c                HAL_NVIC_SetPriorityGrouping
 .text.HAL_NVIC_SetPriority
                0x0000000008001842       0x38 Drivers/STM32F2xx_HAL_Driver/Src/stm32f2xx_hal_cortex.o
                0x0000000008001842                HAL_NVIC_SetPriority
 .text.HAL_NVIC_EnableIRQ
                0x000000000800187a       0x1c Drivers/STM32F2xx_HAL_Driver/Src/stm32f2xx_hal_cortex.o
                0x000000000800187a                HAL_NVIC_EnableIRQ
 .text.HAL_SYSTICK_Config
                0x0000000008001896       0x18 Drivers/STM32F2xx_HAL_Driver/Src/stm32f2xx_hal_cortex.o
                0x0000000008001896                HAL_SYSTICK_Config
 *fill*         0x00000000080018ae        0x2 
 .text.HAL_DMA_Init
                0x00000000080018b0      0x15c Drivers/STM32F2xx_HAL_Driver/Src/stm32f2xx_hal_dma.o
                0x00000000080018b0                HAL_DMA_Init
 .text.HAL_DMA_Start_IT
                0x0000000008001a0c       0xb0 Drivers/STM32F2xx_HAL_Driver/Src/stm32f2xx_hal_dma.o
                0x0000000008001a0c                HAL_DMA_Start_IT
 .text.HAL_DMA_IRQHandler
                0x0000000008001abc      0x314 Drivers/STM32F2xx_HAL_Driver/Src/stm32f2xx_hal_dma.o
                0x0000000008001abc                HAL_DMA_IRQHandler
 .text.DMA_SetConfig
                0x0000000008001dd0       0x5a Drivers/STM32F2xx_HAL_Driver/Src/stm32f2xx_hal_dma.o
 *fill*         0x0000000008001e2a        0x2 
 .text.DMA_CalcBaseAndBitshift
                0x0000000008001e2c       0x68 Drivers/STM32F2xx_HAL_Driver/Src/stm32f2xx_hal_dma.o
 .text.DMA_CheckFifoParam
                0x0000000008001e94       0xf4 Drivers/STM32F2xx_HAL_Driver/Src/stm32f2xx_hal_dma.o
 .text.HAL_GPIO_Init
                0x0000000008001f88      0x33c Drivers/STM32F2xx_HAL_Driver/Src/stm32f2xx_hal_gpio.o
                0x0000000008001f88                HAL_GPIO_Init
 .text.HAL_RCC_OscConfig
                0x00000000080022c4      0x4a0 Drivers/STM32F2xx_HAL_Driver/Src/stm32f2xx_hal_rcc.o
                0x00000000080022c4                HAL_RCC_OscConfig
 .text.HAL_RCC_ClockConfig
                0x0000000008002764      0x1d8 Drivers/STM32F2xx_HAL_Driver/Src/stm32f2xx_hal_rcc.o
                0x0000000008002764                HAL_RCC_ClockConfig
 .text.HAL_RCC_GetSysClockFreq
                0x000000000800293c      0x164 Drivers/STM32F2xx_HAL_Driver/Src/stm32f2xx_hal_rcc.o
                0x000000000800293c                HAL_RCC_GetSysClockFreq
 .text.HAL_TIM_Base_Init
                0x0000000008002aa0       0x9e Drivers/STM32F2xx_HAL_Driver/Src/stm32f2xx_hal_tim.o
                0x0000000008002aa0                HAL_TIM_Base_Init
 .text.HAL_TIM_PWM_Init
                0x0000000008002b3e       0x9e Drivers/STM32F2xx_HAL_Driver/Src/stm32f2xx_hal_tim.o
                0x0000000008002b3e                HAL_TIM_PWM_Init
 .text.HAL_TIM_PWM_MspInit
                0x0000000008002bdc       0x12 Drivers/STM32F2xx_HAL_Driver/Src/stm32f2xx_hal_tim.o
                0x0000000008002bdc                HAL_TIM_PWM_MspInit
 *fill*         0x0000000008002bee        0x2 
 .text.HAL_TIM_PWM_Start
                0x0000000008002bf0      0x190 Drivers/STM32F2xx_HAL_Driver/Src/stm32f2xx_hal_tim.o
                0x0000000008002bf0                HAL_TIM_PWM_Start
 .text.HAL_TIM_PWM_ConfigChannel
                0x0000000008002d80      0x17c Drivers/STM32F2xx_HAL_Driver/Src/stm32f2xx_hal_tim.o
                0x0000000008002d80                HAL_TIM_PWM_ConfigChannel
 .text.HAL_TIM_ConfigClockSource
                0x0000000008002efc      0x16e Drivers/STM32F2xx_HAL_Driver/Src/stm32f2xx_hal_tim.o
                0x0000000008002efc                HAL_TIM_ConfigClockSource
 *fill*         0x000000000800306a        0x2 
 .text.TIM_Base_SetConfig
                0x000000000800306c      0x13c Drivers/STM32F2xx_HAL_Driver/Src/stm32f2xx_hal_tim.o
                0x000000000800306c                TIM_Base_SetConfig
 .text.TIM_OC1_SetConfig
                0x00000000080031a8       0xe0 Drivers/STM32F2xx_HAL_Driver/Src/stm32f2xx_hal_tim.o
 .text.TIM_OC2_SetConfig
                0x0000000008003288       0xe8 Drivers/STM32F2xx_HAL_Driver/Src/stm32f2xx_hal_tim.o
                0x0000000008003288                TIM_OC2_SetConfig
 .text.TIM_OC3_SetConfig
                0x0000000008003370       0xe8 Drivers/STM32F2xx_HAL_Driver/Src/stm32f2xx_hal_tim.o
 .text.TIM_OC4_SetConfig
                0x0000000008003458       0xa8 Drivers/STM32F2xx_HAL_Driver/Src/stm32f2xx_hal_tim.o
 .text.TIM_TI1_ConfigInputStage
                0x0000000008003500       0x5c Drivers/STM32F2xx_HAL_Driver/Src/stm32f2xx_hal_tim.o
 .text.TIM_TI2_ConfigInputStage
                0x000000000800355c       0x5e Drivers/STM32F2xx_HAL_Driver/Src/stm32f2xx_hal_tim.o
 .text.TIM_ITRx_SetConfig
                0x00000000080035ba       0x34 Drivers/STM32F2xx_HAL_Driver/Src/stm32f2xx_hal_tim.o
 .text.TIM_ETR_SetConfig
                0x00000000080035ee       0x3e Drivers/STM32F2xx_HAL_Driver/Src/stm32f2xx_hal_tim.o
                0x00000000080035ee                TIM_ETR_SetConfig
 .text.TIM_CCxChannelCmd
                0x000000000800362c       0x48 Drivers/STM32F2xx_HAL_Driver/Src/stm32f2xx_hal_tim.o
                0x000000000800362c                TIM_CCxChannelCmd
 .text.HAL_TIMEx_MasterConfigSynchronization
                0x0000000008003674       0xf4 Drivers/STM32F2xx_HAL_Driver/Src/stm32f2xx_hal_tim_ex.o
                0x0000000008003674                HAL_TIMEx_MasterConfigSynchronization
 .text.HAL_TIMEx_ConfigBreakDeadTime
                0x0000000008003768       0xa2 Drivers/STM32F2xx_HAL_Driver/Src/stm32f2xx_hal_tim_ex.o
                0x0000000008003768                HAL_TIMEx_ConfigBreakDeadTime
 *fill*         0x000000000800380a        0x2 
 .text.__libc_init_array
                0x000000000800380c       0x48 c:/st/stm32cubeide_1.4.0/stm32cubeide/plugins/com.st.stm32cube.ide.mcu.externaltools.gnu-tools-for-stm32.7-2018-q2-update.win32_1.4.0.202007081208/tools/bin/../lib/gcc/arm-none-eabi/7.3.1/../../../../arm-none-eabi/lib/thumb/v7-m\libc_nano.a(lib_a-init.o)
                0x000000000800380c                __libc_init_array
 .text.memset   0x0000000008003854       0x10 c:/st/stm32cubeide_1.4.0/stm32cubeide/plugins/com.st.stm32cube.ide.mcu.externaltools.gnu-tools-for-stm32.7-2018-q2-update.win32_1.4.0.202007081208/tools/bin/../lib/gcc/arm-none-eabi/7.3.1/../../../../arm-none-eabi/lib/thumb/v7-m\libc_nano.a(lib_a-memset.o)
                0x0000000008003854                memset
 *(.glue_7)
 .glue_7        0x0000000008003864        0x0 linker stubs
 *(.glue_7t)
 .glue_7t       0x0000000008003864        0x0 linker stubs
 *(.eh_frame)
 .eh_frame      0x0000000008003864        0x0 c:/st/stm32cubeide_1.4.0/stm32cubeide/plugins/com.st.stm32cube.ide.mcu.externaltools.gnu-tools-for-stm32.7-2018-q2-update.win32_1.4.0.202007081208/tools/bin/../lib/gcc/arm-none-eabi/7.3.1/thumb/v7-m/crtbegin.o
 *(.init)
 .init          0x0000000008003864        0x4 c:/st/stm32cubeide_1.4.0/stm32cubeide/plugins/com.st.stm32cube.ide.mcu.externaltools.gnu-tools-for-stm32.7-2018-q2-update.win32_1.4.0.202007081208/tools/bin/../lib/gcc/arm-none-eabi/7.3.1/thumb/v7-m/crti.o
                0x0000000008003864                _init
 .init          0x0000000008003868        0x8 c:/st/stm32cubeide_1.4.0/stm32cubeide/plugins/com.st.stm32cube.ide.mcu.externaltools.gnu-tools-for-stm32.7-2018-q2-update.win32_1.4.0.202007081208/tools/bin/../lib/gcc/arm-none-eabi/7.3.1/thumb/v7-m/crtn.o
 *(.fini)
 .fini          0x0000000008003870        0x4 c:/st/stm32cubeide_1.4.0/stm32cubeide/plugins/com.st.stm32cube.ide.mcu.externaltools.gnu-tools-for-stm32.7-2018-q2-update.win32_1.4.0.202007081208/tools/bin/../lib/gcc/arm-none-eabi/7.3.1/thumb/v7-m/crti.o
                0x0000000008003870                _fini
 .fini          0x0000000008003874        0x8 c:/st/stm32cubeide_1.4.0/stm32cubeide/plugins/com.st.stm32cube.ide.mcu.externaltools.gnu-tools-for-stm32.7-2018-q2-update.win32_1.4.0.202007081208/tools/bin/../lib/gcc/arm-none-eabi/7.3.1/thumb/v7-m/crtn.o
                0x000000000800387c                . = ALIGN (0x4)
                0x000000000800387c                _etext = .

.vfp11_veneer   0x000000000800387c        0x0
 .vfp11_veneer  0x000000000800387c        0x0 linker stubs

.v4_bx          0x000000000800387c        0x0
 .v4_bx         0x000000000800387c        0x0 linker stubs

.iplt           0x000000000800387c        0x0
 .iplt          0x000000000800387c        0x0 c:/st/stm32cubeide_1.4.0/stm32cubeide/plugins/com.st.stm32cube.ide.mcu.externaltools.gnu-tools-for-stm32.7-2018-q2-update.win32_1.4.0.202007081208/tools/bin/../lib/gcc/arm-none-eabi/7.3.1/thumb/v7-m/crtbegin.o

.rodata         0x000000000800387c       0x18
                0x000000000800387c                . = ALIGN (0x4)
 *(.rodata)
 *(.rodata*)
 .rodata.AHBPrescTable
                0x000000000800387c       0x10 Core/Src/system_stm32f2xx.o
                0x000000000800387c                AHBPrescTable
 .rodata.flagBitshiftOffset.6470
                0x000000000800388c        0x8 Drivers/STM32F2xx_HAL_Driver/Src/stm32f2xx_hal_dma.o
                0x0000000008003894                . = ALIGN (0x4)

.ARM.extab      0x0000000008003894        0x0
                0x0000000008003894                . = ALIGN (0x4)
 *(.ARM.extab* .gnu.linkonce.armextab.*)
                0x0000000008003894                . = ALIGN (0x4)

.ARM            0x0000000008003894        0x8
                0x0000000008003894                . = ALIGN (0x4)
                0x0000000008003894                __exidx_start = .
 *(.ARM.exidx*)
 .ARM.exidx     0x0000000008003894        0x8 c:/st/stm32cubeide_1.4.0/stm32cubeide/plugins/com.st.stm32cube.ide.mcu.externaltools.gnu-tools-for-stm32.7-2018-q2-update.win32_1.4.0.202007081208/tools/bin/../lib/gcc/arm-none-eabi/7.3.1/thumb/v7-m\libgcc.a(_udivmoddi4.o)
                0x000000000800389c                __exidx_end = .
                0x000000000800389c                . = ALIGN (0x4)

.rel.dyn        0x000000000800389c        0x0
 .rel.iplt      0x000000000800389c        0x0 c:/st/stm32cubeide_1.4.0/stm32cubeide/plugins/com.st.stm32cube.ide.mcu.externaltools.gnu-tools-for-stm32.7-2018-q2-update.win32_1.4.0.202007081208/tools/bin/../lib/gcc/arm-none-eabi/7.3.1/thumb/v7-m/crtbegin.o

.preinit_array  0x000000000800389c        0x0
                0x000000000800389c                . = ALIGN (0x4)
                0x000000000800389c                PROVIDE (__preinit_array_start = .)
 *(.preinit_array*)
                0x000000000800389c                PROVIDE (__preinit_array_end = .)
                0x000000000800389c                . = ALIGN (0x4)

.init_array     0x000000000800389c        0x4
                0x000000000800389c                . = ALIGN (0x4)
                0x000000000800389c                PROVIDE (__init_array_start = .)
 *(SORT_BY_NAME(.init_array.*))
 *(.init_array*)
 .init_array    0x000000000800389c        0x4 c:/st/stm32cubeide_1.4.0/stm32cubeide/plugins/com.st.stm32cube.ide.mcu.externaltools.gnu-tools-for-stm32.7-2018-q2-update.win32_1.4.0.202007081208/tools/bin/../lib/gcc/arm-none-eabi/7.3.1/thumb/v7-m/crtbegin.o
                0x00000000080038a0                PROVIDE (__init_array_end = .)
                0x00000000080038a0                . = ALIGN (0x4)

.fini_array     0x00000000080038a0        0x4
                0x00000000080038a0                . = ALIGN (0x4)
                [!provide]                        PROVIDE (__fini_array_start = .)
 *(SORT_BY_NAME(.fini_array.*))
 *(.fini_array*)
 .fini_array    0x00000000080038a0        0x4 c:/st/stm32cubeide_1.4.0/stm32cubeide/plugins/com.st.stm32cube.ide.mcu.externaltools.gnu-tools-for-stm32.7-2018-q2-update.win32_1.4.0.202007081208/tools/bin/../lib/gcc/arm-none-eabi/7.3.1/thumb/v7-m/crtbegin.o
                [!provide]                        PROVIDE (__fini_array_end = .)
                0x00000000080038a4                . = ALIGN (0x4)
                0x00000000080038a4                _sidata = LOADADDR (.data)

.data           0x0000000020000000        0xc load address 0x00000000080038a4
                0x0000000020000000                . = ALIGN (0x4)
                0x0000000020000000                _sdata = .
 *(.data)
 *(.data*)
 .data.SystemCoreClock
                0x0000000020000000        0x4 Core/Src/system_stm32f2xx.o
                0x0000000020000000                SystemCoreClock
 .data.uwTickPrio
                0x0000000020000004        0x4 Drivers/STM32F2xx_HAL_Driver/Src/stm32f2xx_hal.o
                0x0000000020000004                uwTickPrio
 .data.uwTickFreq
                0x0000000020000008        0x1 Drivers/STM32F2xx_HAL_Driver/Src/stm32f2xx_hal.o
                0x0000000020000008                uwTickFreq
                0x000000002000000c                . = ALIGN (0x4)
 *fill*         0x0000000020000009        0x3 
                0x000000002000000c                _edata = .

.igot.plt       0x000000002000000c        0x0 load address 0x00000000080038b0
 .igot.plt      0x000000002000000c        0x0 c:/st/stm32cubeide_1.4.0/stm32cubeide/plugins/com.st.stm32cube.ide.mcu.externaltools.gnu-tools-for-stm32.7-2018-q2-update.win32_1.4.0.202007081208/tools/bin/../lib/gcc/arm-none-eabi/7.3.1/thumb/v7-m/crtbegin.o
                0x000000002000000c                . = ALIGN (0x4)

.bss            0x000000002000000c      0x168 load address 0x00000000080038b0
                0x000000002000000c                _sbss = .
                0x000000002000000c                __bss_start__ = _sbss
 *(.bss)
 .bss           0x000000002000000c       0x1c c:/st/stm32cubeide_1.4.0/stm32cubeide/plugins/com.st.stm32cube.ide.mcu.externaltools.gnu-tools-for-stm32.7-2018-q2-update.win32_1.4.0.202007081208/tools/bin/../lib/gcc/arm-none-eabi/7.3.1/thumb/v7-m/crtbegin.o
 *(.bss*)
 *(COMMON)
 COMMON         0x0000000020000028       0xa8 Core/Src/adc.o
                0x0000000020000028                hadc1
                0x0000000020000070                hdma_adc1
 COMMON         0x00000000200000d0       0x10 Core/Src/main.o
                0x00000000200000d0                ADC_Data
 COMMON         0x00000000200000e0       0x90 Core/Src/tim.o
                0x00000000200000e0                htim3
                0x0000000020000128                htim1
 COMMON         0x0000000020000170        0x4 Drivers/STM32F2xx_HAL_Driver/Src/stm32f2xx_hal.o
                0x0000000020000170                uwTick
                0x0000000020000174                . = ALIGN (0x4)
                0x0000000020000174                _ebss = .
                0x0000000020000174                __bss_end__ = _ebss

._user_heap_stack
                0x0000000020000174      0x604 load address 0x00000000080038b0
                0x0000000020000178                . = ALIGN (0x8)
 *fill*         0x0000000020000174        0x4 
                [!provide]                        PROVIDE (end = .)
                0x0000000020000178                PROVIDE (_end = .)
                0x0000000020000378                . = (. + _Min_Heap_Size)
 *fill*         0x0000000020000178      0x200 
                0x0000000020000778                . = (. + _Min_Stack_Size)
 *fill*         0x0000000020000378      0x400 
                0x0000000020000778                . = ALIGN (0x8)

/DISCARD/
 libc.a(*)
 libm.a(*)
 libgcc.a(*)

.ARM.attributes
                0x0000000000000000       0x29
 *(.ARM.attributes)
 .ARM.attributes
                0x0000000000000000       0x1d c:/st/stm32cubeide_1.4.0/stm32cubeide/plugins/com.st.stm32cube.ide.mcu.externaltools.gnu-tools-for-stm32.7-2018-q2-update.win32_1.4.0.202007081208/tools/bin/../lib/gcc/arm-none-eabi/7.3.1/thumb/v7-m/crti.o
 .ARM.attributes
                0x000000000000001d       0x2d c:/st/stm32cubeide_1.4.0/stm32cubeide/plugins/com.st.stm32cube.ide.mcu.externaltools.gnu-tools-for-stm32.7-2018-q2-update.win32_1.4.0.202007081208/tools/bin/../lib/gcc/arm-none-eabi/7.3.1/thumb/v7-m/crtbegin.o
 .ARM.attributes
                0x000000000000004a       0x33 Core/Src/adc.o
 .ARM.attributes
                0x000000000000007d       0x33 Core/Src/dma.o
 .ARM.attributes
                0x00000000000000b0       0x33 Core/Src/gpio.o
 .ARM.attributes
                0x00000000000000e3       0x33 Core/Src/main.o
 .ARM.attributes
                0x0000000000000116       0x33 Core/Src/stm32f2xx_hal_msp.o
 .ARM.attributes
                0x0000000000000149       0x33 Core/Src/stm32f2xx_it.o
 .ARM.attributes
                0x000000000000017c       0x33 Core/Src/system_stm32f2xx.o
 .ARM.attributes
                0x00000000000001af       0x33 Core/Src/tim.o
 .ARM.attributes
                0x00000000000001e2       0x21 Core/Startup/startup_stm32f205rbtx.o
 .ARM.attributes
                0x0000000000000203       0x33 Drivers/STM32F2xx_HAL_Driver/Src/stm32f2xx_hal.o
 .ARM.attributes
                0x0000000000000236       0x33 Drivers/STM32F2xx_HAL_Driver/Src/stm32f2xx_hal_adc.o
 .ARM.attributes
                0x0000000000000269       0x33 Drivers/STM32F2xx_HAL_Driver/Src/stm32f2xx_hal_cortex.o
 .ARM.attributes
                0x000000000000029c       0x33 Drivers/STM32F2xx_HAL_Driver/Src/stm32f2xx_hal_dma.o
 .ARM.attributes
                0x00000000000002cf       0x33 Drivers/STM32F2xx_HAL_Driver/Src/stm32f2xx_hal_gpio.o
 .ARM.attributes
                0x0000000000000302       0x33 Drivers/STM32F2xx_HAL_Driver/Src/stm32f2xx_hal_rcc.o
 .ARM.attributes
                0x0000000000000335       0x33 Drivers/STM32F2xx_HAL_Driver/Src/stm32f2xx_hal_tim.o
 .ARM.attributes
                0x0000000000000368       0x33 Drivers/STM32F2xx_HAL_Driver/Src/stm32f2xx_hal_tim_ex.o
 .ARM.attributes
                0x000000000000039b       0x2d c:/st/stm32cubeide_1.4.0/stm32cubeide/plugins/com.st.stm32cube.ide.mcu.externaltools.gnu-tools-for-stm32.7-2018-q2-update.win32_1.4.0.202007081208/tools/bin/../lib/gcc/arm-none-eabi/7.3.1/../../../../arm-none-eabi/lib/thumb/v7-m\libc_nano.a(lib_a-init.o)
 .ARM.attributes
                0x00000000000003c8       0x2d c:/st/stm32cubeide_1.4.0/stm32cubeide/plugins/com.st.stm32cube.ide.mcu.externaltools.gnu-tools-for-stm32.7-2018-q2-update.win32_1.4.0.202007081208/tools/bin/../lib/gcc/arm-none-eabi/7.3.1/../../../../arm-none-eabi/lib/thumb/v7-m\libc_nano.a(lib_a-memset.o)
 .ARM.attributes
                0x00000000000003f5       0x1d c:/st/stm32cubeide_1.4.0/stm32cubeide/plugins/com.st.stm32cube.ide.mcu.externaltools.gnu-tools-for-stm32.7-2018-q2-update.win32_1.4.0.202007081208/tools/bin/../lib/gcc/arm-none-eabi/7.3.1/thumb/v7-m\libgcc.a(_aeabi_uldivmod.o)
 .ARM.attributes
                0x0000000000000412       0x2d c:/st/stm32cubeide_1.4.0/stm32cubeide/plugins/com.st.stm32cube.ide.mcu.externaltools.gnu-tools-for-stm32.7-2018-q2-update.win32_1.4.0.202007081208/tools/bin/../lib/gcc/arm-none-eabi/7.3.1/thumb/v7-m\libgcc.a(_udivmoddi4.o)
 .ARM.attributes
                0x000000000000043f       0x1d c:/st/stm32cubeide_1.4.0/stm32cubeide/plugins/com.st.stm32cube.ide.mcu.externaltools.gnu-tools-for-stm32.7-2018-q2-update.win32_1.4.0.202007081208/tools/bin/../lib/gcc/arm-none-eabi/7.3.1/thumb/v7-m\libgcc.a(_dvmd_tls.o)
 .ARM.attributes
                0x000000000000045c       0x1d c:/st/stm32cubeide_1.4.0/stm32cubeide/plugins/com.st.stm32cube.ide.mcu.externaltools.gnu-tools-for-stm32.7-2018-q2-update.win32_1.4.0.202007081208/tools/bin/../lib/gcc/arm-none-eabi/7.3.1/thumb/v7-m/crtn.o
OUTPUT(FanController.elf elf32-littlearm)

.debug_info     0x0000000000000000     0xb28e
 .debug_info    0x0000000000000000      0x9f1 Core/Src/adc.o
 .debug_info    0x00000000000009f1      0x558 Core/Src/dma.o
 .debug_info    0x0000000000000f49      0x37e Core/Src/gpio.o
 .debug_info    0x00000000000012c7      0xae4 Core/Src/main.o
 .debug_info    0x0000000000001dab      0x362 Core/Src/stm32f2xx_hal_msp.o
 .debug_info    0x000000000000210d      0x473 Core/Src/stm32f2xx_it.o
 .debug_info    0x0000000000002580      0x3b0 Core/Src/system_stm32f2xx.o
 .debug_info    0x0000000000002930      0xcc2 Core/Src/tim.o
 .debug_info    0x00000000000035f2       0x22 Core/Startup/startup_stm32f205rbtx.o
 .debug_info    0x0000000000003614      0x9ac Drivers/STM32F2xx_HAL_Driver/Src/stm32f2xx_hal.o
 .debug_info    0x0000000000003fc0      0xcf2 Drivers/STM32F2xx_HAL_Driver/Src/stm32f2xx_hal_adc.o
 .debug_info    0x0000000000004cb2      0xe16 Drivers/STM32F2xx_HAL_Driver/Src/stm32f2xx_hal_cortex.o
 .debug_info    0x0000000000005ac8      0x968 Drivers/STM32F2xx_HAL_Driver/Src/stm32f2xx_hal_dma.o
 .debug_info    0x0000000000006430      0x78d Drivers/STM32F2xx_HAL_Driver/Src/stm32f2xx_hal_gpio.o
 .debug_info    0x0000000000006bbd      0xae3 Drivers/STM32F2xx_HAL_Driver/Src/stm32f2xx_hal_rcc.o
 .debug_info    0x00000000000076a0     0x2837 Drivers/STM32F2xx_HAL_Driver/Src/stm32f2xx_hal_tim.o
 .debug_info    0x0000000000009ed7     0x13b7 Drivers/STM32F2xx_HAL_Driver/Src/stm32f2xx_hal_tim_ex.o

.debug_abbrev   0x0000000000000000     0x1cd0
 .debug_abbrev  0x0000000000000000      0x1aa Core/Src/adc.o
 .debug_abbrev  0x00000000000001aa      0x107 Core/Src/dma.o
 .debug_abbrev  0x00000000000002b1      0x109 Core/Src/gpio.o
 .debug_abbrev  0x00000000000003ba      0x1a5 Core/Src/main.o
 .debug_abbrev  0x000000000000055f      0x109 Core/Src/stm32f2xx_hal_msp.o
 .debug_abbrev  0x0000000000000668      0x149 Core/Src/stm32f2xx_it.o
 .debug_abbrev  0x00000000000007b1      0x12b Core/Src/system_stm32f2xx.o
 .debug_abbrev  0x00000000000008dc      0x1c4 Core/Src/tim.o
 .debug_abbrev  0x0000000000000aa0       0x12 Core/Startup/startup_stm32f205rbtx.o
 .debug_abbrev  0x0000000000000ab2      0x236 Drivers/STM32F2xx_HAL_Driver/Src/stm32f2xx_hal.o
 .debug_abbrev  0x0000000000000ce8      0x240 Drivers/STM32F2xx_HAL_Driver/Src/stm32f2xx_hal_adc.o
 .debug_abbrev  0x0000000000000f28      0x2fa Drivers/STM32F2xx_HAL_Driver/Src/stm32f2xx_hal_cortex.o
 .debug_abbrev  0x0000000000001222      0x229 Drivers/STM32F2xx_HAL_Driver/Src/stm32f2xx_hal_dma.o
 .debug_abbrev  0x000000000000144b      0x1c0 Drivers/STM32F2xx_HAL_Driver/Src/stm32f2xx_hal_gpio.o
 .debug_abbrev  0x000000000000160b      0x25f Drivers/STM32F2xx_HAL_Driver/Src/stm32f2xx_hal_rcc.o
 .debug_abbrev  0x000000000000186a      0x230 Drivers/STM32F2xx_HAL_Driver/Src/stm32f2xx_hal_tim.o
 .debug_abbrev  0x0000000000001a9a      0x236 Drivers/STM32F2xx_HAL_Driver/Src/stm32f2xx_hal_tim_ex.o

.debug_aranges  0x0000000000000000      0xb50
 .debug_aranges
                0x0000000000000000       0x30 Core/Src/adc.o
 .debug_aranges
                0x0000000000000030       0x20 Core/Src/dma.o
 .debug_aranges
                0x0000000000000050       0x20 Core/Src/gpio.o
 .debug_aranges
                0x0000000000000070       0x30 Core/Src/main.o
 .debug_aranges
                0x00000000000000a0       0x20 Core/Src/stm32f2xx_hal_msp.o
 .debug_aranges
                0x00000000000000c0       0x68 Core/Src/stm32f2xx_it.o
 .debug_aranges
                0x0000000000000128       0x28 Core/Src/system_stm32f2xx.o
 .debug_aranges
                0x0000000000000150       0x40 Core/Src/tim.o
 .debug_aranges
                0x0000000000000190       0x28 Core/Startup/startup_stm32f205rbtx.o
 .debug_aranges
                0x00000000000001b8       0xf0 Drivers/STM32F2xx_HAL_Driver/Src/stm32f2xx_hal.o
 .debug_aranges
                0x00000000000002a8       0xe8 Drivers/STM32F2xx_HAL_Driver/Src/stm32f2xx_hal_adc.o
 .debug_aranges
                0x0000000000000390      0x118 Drivers/STM32F2xx_HAL_Driver/Src/stm32f2xx_hal_cortex.o
 .debug_aranges
                0x00000000000004a8       0x90 Drivers/STM32F2xx_HAL_Driver/Src/stm32f2xx_hal_dma.o
 .debug_aranges
                0x0000000000000538       0x58 Drivers/STM32F2xx_HAL_Driver/Src/stm32f2xx_hal_gpio.o
 .debug_aranges
                0x0000000000000590       0x88 Drivers/STM32F2xx_HAL_Driver/Src/stm32f2xx_hal_rcc.o
 .debug_aranges
                0x0000000000000618      0x3d0 Drivers/STM32F2xx_HAL_Driver/Src/stm32f2xx_hal_tim.o
 .debug_aranges
                0x00000000000009e8      0x168 Drivers/STM32F2xx_HAL_Driver/Src/stm32f2xx_hal_tim_ex.o

.debug_ranges   0x0000000000000000      0xa48
 .debug_ranges  0x0000000000000000       0x20 Core/Src/adc.o
 .debug_ranges  0x0000000000000020       0x10 Core/Src/dma.o
 .debug_ranges  0x0000000000000030       0x10 Core/Src/gpio.o
 .debug_ranges  0x0000000000000040       0x20 Core/Src/main.o
 .debug_ranges  0x0000000000000060       0x10 Core/Src/stm32f2xx_hal_msp.o
 .debug_ranges  0x0000000000000070       0x58 Core/Src/stm32f2xx_it.o
 .debug_ranges  0x00000000000000c8       0x18 Core/Src/system_stm32f2xx.o
 .debug_ranges  0x00000000000000e0       0x30 Core/Src/tim.o
 .debug_ranges  0x0000000000000110       0x20 Core/Startup/startup_stm32f205rbtx.o
 .debug_ranges  0x0000000000000130       0xe0 Drivers/STM32F2xx_HAL_Driver/Src/stm32f2xx_hal.o
 .debug_ranges  0x0000000000000210       0xd8 Drivers/STM32F2xx_HAL_Driver/Src/stm32f2xx_hal_adc.o
 .debug_ranges  0x00000000000002e8      0x108 Drivers/STM32F2xx_HAL_Driver/Src/stm32f2xx_hal_cortex.o
 .debug_ranges  0x00000000000003f0       0x80 Drivers/STM32F2xx_HAL_Driver/Src/stm32f2xx_hal_dma.o
 .debug_ranges  0x0000000000000470       0x48 Drivers/STM32F2xx_HAL_Driver/Src/stm32f2xx_hal_gpio.o
 .debug_ranges  0x00000000000004b8       0x78 Drivers/STM32F2xx_HAL_Driver/Src/stm32f2xx_hal_rcc.o
 .debug_ranges  0x0000000000000530      0x3c0 Drivers/STM32F2xx_HAL_Driver/Src/stm32f2xx_hal_tim.o
 .debug_ranges  0x00000000000008f0      0x158 Drivers/STM32F2xx_HAL_Driver/Src/stm32f2xx_hal_tim_ex.o

.debug_macro    0x0000000000000000    0x1dbe6
 .debug_macro   0x0000000000000000      0x1ea Core/Src/adc.o
 .debug_macro   0x00000000000001ea      0xa5a Core/Src/adc.o
 .debug_macro   0x0000000000000c44      0x23e Core/Src/adc.o
 .debug_macro   0x0000000000000e82       0x2e Core/Src/adc.o
 .debug_macro   0x0000000000000eb0       0x22 Core/Src/adc.o
 .debug_macro   0x0000000000000ed2       0x22 Core/Src/adc.o
 .debug_macro   0x0000000000000ef4       0x8e Core/Src/adc.o
 .debug_macro   0x0000000000000f82       0x51 Core/Src/adc.o
 .debug_macro   0x0000000000000fd3       0xef Core/Src/adc.o
 .debug_macro   0x00000000000010c2       0x6a Core/Src/adc.o
 .debug_macro   0x000000000000112c      0x1df Core/Src/adc.o
 .debug_macro   0x000000000000130b       0x1c Core/Src/adc.o
 .debug_macro   0x0000000000001327       0x22 Core/Src/adc.o
 .debug_macro   0x0000000000001349       0xc3 Core/Src/adc.o
 .debug_macro   0x000000000000140c      0xe49 Core/Src/adc.o
 .debug_macro   0x0000000000002255      0x11f Core/Src/adc.o
 .debug_macro   0x0000000000002374    0x133f6 Core/Src/adc.o
 .debug_macro   0x000000000001576a       0x43 Core/Src/adc.o
 .debug_macro   0x00000000000157ad     0x3580 Core/Src/adc.o
 .debug_macro   0x0000000000018d2d      0x174 Core/Src/adc.o
 .debug_macro   0x0000000000018ea1       0x55 Core/Src/adc.o
 .debug_macro   0x0000000000018ef6     0x1057 Core/Src/adc.o
 .debug_macro   0x0000000000019f4d       0x4a Core/Src/adc.o
 .debug_macro   0x0000000000019f97      0x170 Core/Src/adc.o
 .debug_macro   0x000000000001a107      0x117 Core/Src/adc.o
 .debug_macro   0x000000000001a21e       0xfa Core/Src/adc.o
 .debug_macro   0x000000000001a318       0x27 Core/Src/adc.o
 .debug_macro   0x000000000001a33f      0x16a Core/Src/adc.o
 .debug_macro   0x000000000001a4a9      0x287 Core/Src/adc.o
 .debug_macro   0x000000000001a730       0x5f Core/Src/adc.o
 .debug_macro   0x000000000001a78f      0x236 Core/Src/adc.o
 .debug_macro   0x000000000001a9c5      0x37c Core/Src/adc.o
 .debug_macro   0x000000000001ad41      0x16f Core/Src/adc.o
 .debug_macro   0x000000000001aeb0       0xf9 Core/Src/adc.o
 .debug_macro   0x000000000001afa9      0x126 Core/Src/adc.o
 .debug_macro   0x000000000001b0cf      0x216 Core/Src/adc.o
 .debug_macro   0x000000000001b2e5       0x2e Core/Src/adc.o
 .debug_macro   0x000000000001b313      0x113 Core/Src/adc.o
 .debug_macro   0x000000000001b426       0x22 Core/Src/adc.o
 .debug_macro   0x000000000001b448       0x82 Core/Src/adc.o
 .debug_macro   0x000000000001b4ca      0x8d1 Core/Src/adc.o
 .debug_macro   0x000000000001bd9b       0x4c Core/Src/adc.o
 .debug_macro   0x000000000001bde7      0x12d Core/Src/adc.o
 .debug_macro   0x000000000001bf14      0x1ea Core/Src/dma.o
 .debug_macro   0x000000000001c0fe      0x1ea Core/Src/gpio.o
 .debug_macro   0x000000000001c2e8      0x20c Core/Src/main.o
 .debug_macro   0x000000000001c4f4      0x1e0 Core/Src/stm32f2xx_hal_msp.o
 .debug_macro   0x000000000001c6d4      0x1ea Core/Src/stm32f2xx_it.o
 .debug_macro   0x000000000001c8be      0x1d6 Core/Src/system_stm32f2xx.o
 .debug_macro   0x000000000001ca94      0x1ea Core/Src/tim.o
 .debug_macro   0x000000000001cc7e      0x224 Drivers/STM32F2xx_HAL_Driver/Src/stm32f2xx_hal.o
 .debug_macro   0x000000000001cea2      0x1d7 Drivers/STM32F2xx_HAL_Driver/Src/stm32f2xx_hal_adc.o
 .debug_macro   0x000000000001d079      0x1d6 Drivers/STM32F2xx_HAL_Driver/Src/stm32f2xx_hal_cortex.o
 .debug_macro   0x000000000001d24f      0x1dc Drivers/STM32F2xx_HAL_Driver/Src/stm32f2xx_hal_dma.o
 .debug_macro   0x000000000001d42b      0x20e Drivers/STM32F2xx_HAL_Driver/Src/stm32f2xx_hal_gpio.o
 .debug_macro   0x000000000001d639      0x200 Drivers/STM32F2xx_HAL_Driver/Src/stm32f2xx_hal_rcc.o
 .debug_macro   0x000000000001d839      0x1d7 Drivers/STM32F2xx_HAL_Driver/Src/stm32f2xx_hal_tim.o
 .debug_macro   0x000000000001da10      0x1d6 Drivers/STM32F2xx_HAL_Driver/Src/stm32f2xx_hal_tim_ex.o

.debug_line     0x0000000000000000     0xa899
 .debug_line    0x0000000000000000      0x70c Core/Src/adc.o
 .debug_line    0x000000000000070c      0x6b4 Core/Src/dma.o
 .debug_line    0x0000000000000dc0      0x6b6 Core/Src/gpio.o
 .debug_line    0x0000000000001476      0x72f Core/Src/main.o
 .debug_line    0x0000000000001ba5      0x6b9 Core/Src/stm32f2xx_hal_msp.o
 .debug_line    0x000000000000225e      0x76f Core/Src/stm32f2xx_it.o
 .debug_line    0x00000000000029cd      0x6d2 Core/Src/system_stm32f2xx.o
 .debug_line    0x000000000000309f      0x77a Core/Src/tim.o
 .debug_line    0x0000000000003819       0x85 Core/Startup/startup_stm32f205rbtx.o
 .debug_line    0x000000000000389e      0x8da Drivers/STM32F2xx_HAL_Driver/Src/stm32f2xx_hal.o
 .debug_line    0x0000000000004178      0xaeb Drivers/STM32F2xx_HAL_Driver/Src/stm32f2xx_hal_adc.o
 .debug_line    0x0000000000004c63      0x9e2 Drivers/STM32F2xx_HAL_Driver/Src/stm32f2xx_hal_cortex.o
 .debug_line    0x0000000000005645      0x98c Drivers/STM32F2xx_HAL_Driver/Src/stm32f2xx_hal_dma.o
 .debug_line    0x0000000000005fd1      0x897 Drivers/STM32F2xx_HAL_Driver/Src/stm32f2xx_hal_gpio.o
 .debug_line    0x0000000000006868      0x996 Drivers/STM32F2xx_HAL_Driver/Src/stm32f2xx_hal_rcc.o
 .debug_line    0x00000000000071fe     0x22bd Drivers/STM32F2xx_HAL_Driver/Src/stm32f2xx_hal_tim.o
 .debug_line    0x00000000000094bb     0x13de Drivers/STM32F2xx_HAL_Driver/Src/stm32f2xx_hal_tim_ex.o

.debug_str      0x0000000000000000    0xb5bfc
 .debug_str     0x0000000000000000    0xb2a46 Core/Src/adc.o
                                      0xb2d3a (size before relaxing)
 .debug_str     0x00000000000b2a46      0x4f0 Core/Src/dma.o
                                      0xb2d24 (size before relaxing)
 .debug_str     0x00000000000b2f36       0x2a Core/Src/gpio.o
                                      0xb2854 (size before relaxing)
 .debug_str     0x00000000000b2f60      0x3c9 Core/Src/main.o
                                      0xb2f7b (size before relaxing)
 .debug_str     0x00000000000b3329       0x2c Core/Src/stm32f2xx_hal_msp.o
                                      0xb2856 (size before relaxing)
 .debug_str     0x00000000000b3355       0xd5 Core/Src/stm32f2xx_it.o
                                      0xb2a52 (size before relaxing)
 .debug_str     0x00000000000b342a       0x5b Core/Src/system_stm32f2xx.o
                                      0xb2874 (size before relaxing)
 .debug_str     0x00000000000b3485      0x20c Core/Src/tim.o
                                      0xb3032 (size before relaxing)
 .debug_str     0x00000000000b3691       0x36 Core/Startup/startup_stm32f205rbtx.o
                                         0x51 (size before relaxing)
 .debug_str     0x00000000000b36c7      0x4e3 Drivers/STM32F2xx_HAL_Driver/Src/stm32f2xx_hal.o
                                      0xb32eb (size before relaxing)
 .debug_str     0x00000000000b3baa      0x29c Drivers/STM32F2xx_HAL_Driver/Src/stm32f2xx_hal_adc.o
                                      0xb2e7a (size before relaxing)
 .debug_str     0x00000000000b3e46      0x3eb Drivers/STM32F2xx_HAL_Driver/Src/stm32f2xx_hal_cortex.o
                                      0xb317e (size before relaxing)
 .debug_str     0x00000000000b4231      0x323 Drivers/STM32F2xx_HAL_Driver/Src/stm32f2xx_hal_dma.o
                                      0xb2cf2 (size before relaxing)
 .debug_str     0x00000000000b4554      0x226 Drivers/STM32F2xx_HAL_Driver/Src/stm32f2xx_hal_gpio.o
                                      0xb2b0b (size before relaxing)
 .debug_str     0x00000000000b477a      0x282 Drivers/STM32F2xx_HAL_Driver/Src/stm32f2xx_hal_rcc.o
                                      0xb2cf4 (size before relaxing)
 .debug_str     0x00000000000b49fc      0xd7d Drivers/STM32F2xx_HAL_Driver/Src/stm32f2xx_hal_tim.o
                                      0xb3bf0 (size before relaxing)
 .debug_str     0x00000000000b5779      0x483 Drivers/STM32F2xx_HAL_Driver/Src/stm32f2xx_hal_tim_ex.o
                                      0xb33ca (size before relaxing)

.comment        0x0000000000000000       0x7b
 .comment       0x0000000000000000       0x7b Core/Src/adc.o
                                         0x7c (size before relaxing)
 .comment       0x000000000000007b       0x7c Core/Src/dma.o
 .comment       0x000000000000007b       0x7c Core/Src/gpio.o
 .comment       0x000000000000007b       0x7c Core/Src/main.o
 .comment       0x000000000000007b       0x7c Core/Src/stm32f2xx_hal_msp.o
 .comment       0x000000000000007b       0x7c Core/Src/stm32f2xx_it.o
 .comment       0x000000000000007b       0x7c Core/Src/system_stm32f2xx.o
 .comment       0x000000000000007b       0x7c Core/Src/tim.o
 .comment       0x000000000000007b       0x7c Drivers/STM32F2xx_HAL_Driver/Src/stm32f2xx_hal.o
 .comment       0x000000000000007b       0x7c Drivers/STM32F2xx_HAL_Driver/Src/stm32f2xx_hal_adc.o
 .comment       0x000000000000007b       0x7c Drivers/STM32F2xx_HAL_Driver/Src/stm32f2xx_hal_cortex.o
 .comment       0x000000000000007b       0x7c Drivers/STM32F2xx_HAL_Driver/Src/stm32f2xx_hal_dma.o
 .comment       0x000000000000007b       0x7c Drivers/STM32F2xx_HAL_Driver/Src/stm32f2xx_hal_gpio.o
 .comment       0x000000000000007b       0x7c Drivers/STM32F2xx_HAL_Driver/Src/stm32f2xx_hal_rcc.o
 .comment       0x000000000000007b       0x7c Drivers/STM32F2xx_HAL_Driver/Src/stm32f2xx_hal_tim.o
 .comment       0x000000000000007b       0x7c Drivers/STM32F2xx_HAL_Driver/Src/stm32f2xx_hal_tim_ex.o

.debug_frame    0x0000000000000000     0x2e34
 .debug_frame   0x0000000000000000       0x7c Core/Src/adc.o
 .debug_frame   0x000000000000007c       0x34 Core/Src/dma.o
 .debug_frame   0x00000000000000b0       0x38 Core/Src/gpio.o
 .debug_frame   0x00000000000000e8       0x70 Core/Src/main.o
 .debug_frame   0x0000000000000158       0x38 Core/Src/stm32f2xx_hal_msp.o
 .debug_frame   0x0000000000000190      0x128 Core/Src/stm32f2xx_it.o
 .debug_frame   0x00000000000002b8       0x58 Core/Src/system_stm32f2xx.o
 .debug_frame   0x0000000000000310       0xcc Core/Src/tim.o
 .debug_frame   0x00000000000003dc      0x384 Drivers/STM32F2xx_HAL_Driver/Src/stm32f2xx_hal.o
 .debug_frame   0x0000000000000760      0x3fc Drivers/STM32F2xx_HAL_Driver/Src/stm32f2xx_hal_adc.o
 .debug_frame   0x0000000000000b5c      0x498 Drivers/STM32F2xx_HAL_Driver/Src/stm32f2xx_hal_cortex.o
 .debug_frame   0x0000000000000ff4      0x250 Drivers/STM32F2xx_HAL_Driver/Src/stm32f2xx_hal_dma.o
 .debug_frame   0x0000000000001244      0x14c Drivers/STM32F2xx_HAL_Driver/Src/stm32f2xx_hal_gpio.o
 .debug_frame   0x0000000000001390      0x204 Drivers/STM32F2xx_HAL_Driver/Src/stm32f2xx_hal_rcc.o
 .debug_frame   0x0000000000001594     0x11bc Drivers/STM32F2xx_HAL_Driver/Src/stm32f2xx_hal_tim.o
 .debug_frame   0x0000000000002750      0x638 Drivers/STM32F2xx_HAL_Driver/Src/stm32f2xx_hal_tim_ex.o
 .debug_frame   0x0000000000002d88       0x2c c:/st/stm32cubeide_1.4.0/stm32cubeide/plugins/com.st.stm32cube.ide.mcu.externaltools.gnu-tools-for-stm32.7-2018-q2-update.win32_1.4.0.202007081208/tools/bin/../lib/gcc/arm-none-eabi/7.3.1/../../../../arm-none-eabi/lib/thumb/v7-m\libc_nano.a(lib_a-init.o)
 .debug_frame   0x0000000000002db4       0x20 c:/st/stm32cubeide_1.4.0/stm32cubeide/plugins/com.st.stm32cube.ide.mcu.externaltools.gnu-tools-for-stm32.7-2018-q2-update.win32_1.4.0.202007081208/tools/bin/../lib/gcc/arm-none-eabi/7.3.1/../../../../arm-none-eabi/lib/thumb/v7-m\libc_nano.a(lib_a-memset.o)
 .debug_frame   0x0000000000002dd4       0x2c c:/st/stm32cubeide_1.4.0/stm32cubeide/plugins/com.st.stm32cube.ide.mcu.externaltools.gnu-tools-for-stm32.7-2018-q2-update.win32_1.4.0.202007081208/tools/bin/../lib/gcc/arm-none-eabi/7.3.1/thumb/v7-m\libgcc.a(_aeabi_uldivmod.o)
 .debug_frame   0x0000000000002e00       0x34 c:/st/stm32cubeide_1.4.0/stm32cubeide/plugins/com.st.stm32cube.ide.mcu.externaltools.gnu-tools-for-stm32.7-2018-q2-update.win32_1.4.0.202007081208/tools/bin/../lib/gcc/arm-none-eabi/7.3.1/thumb/v7-m\libgcc.a(_udivmoddi4.o)
