stm32f2xx_hal_adc_ex.c:148:19:HAL_ADCEx_InjectedStart	32	static
stm32f2xx_hal_adc_ex.c:245:19:HAL_ADCEx_InjectedStart_IT	32	static
stm32f2xx_hal_adc_ex.c:350:19:HAL_ADCEx_InjectedStop	24	static
stm32f2xx_hal_adc_ex.c:404:19:HAL_ADCEx_InjectedPollForConversion	24	static
stm32f2xx_hal_adc_ex.c:471:19:HAL_ADCEx_InjectedStop_IT	24	static
stm32f2xx_hal_adc_ex.c:533:10:HAL_ADCEx_InjectedGetValue	24	static
stm32f2xx_hal_adc_ex.c:584:19:HAL_ADCEx_MultiModeStart_DMA	32	static
stm32f2xx_hal_adc_ex.c:705:19:HAL_ADCEx_MultiModeStop_DMA	24	static
stm32f2xx_hal_adc_ex.c:752:10:HAL_ADCEx_MultiModeGetValue	16	static
stm32f2xx_hal_adc_ex.c:766:13:HAL_ADCEx_InjectedConvCpltCallback	16	static
stm32f2xx_hal_adc_ex.c:783:19:HAL_ADCEx_InjectedConfigChannel	16	static
stm32f2xx_hal_adc_ex.c:939:19:HAL_ADCEx_MultiModeConfigChannel	16	static
stm32f2xx_hal_adc_ex.c:978:13:ADC_MultiModeDMAConvCplt	24	static
stm32f2xx_hal_adc_ex.c:1031:13:ADC_MultiModeDMAHalfConvCplt	24	static
stm32f2xx_hal_adc_ex.c:1044:13:ADC_MultiModeDMAError	24	static
